// Jest Snapshot v1, https://goo.gl/fbAQLP

exports[`Promo Panel Group Date Selector Should render correctly 1`] = `
{
  "asFragment": [Function],
  "baseElement": <body
    style="padding-right: 1024px; overflow: hidden;"
  >
    <div
      aria-hidden="true"
    />
    <div
      class="MuiDialog-root MuiModal-root css-zw3mfo-MuiModal-root-MuiDialog-root"
      role="presentation"
    >
      <div
        aria-hidden="true"
        class="MuiBackdrop-root MuiModal-backdrop css-yiavyu-MuiBackdrop-root-MuiDialog-backdrop"
        style="opacity: 1; webkit-transition: opacity 225ms cubic-bezier(0.4, 0, 0.2, 1) 0ms; transition: opacity 225ms cubic-bezier(0.4, 0, 0.2, 1) 0ms;"
      />
      <div
        data-testid="sentinelStart"
        tabindex="0"
      />
      <div
        class="MuiDialog-container MuiDialog-scrollPaper css-hz1bth-MuiDialog-container"
        role="presentation"
        style="opacity: 1; webkit-transition: opacity 225ms cubic-bezier(0.4, 0, 0.2, 1) 0ms; transition: opacity 225ms cubic-bezier(0.4, 0, 0.2, 1) 0ms;"
        tabindex="-1"
      >
        <div
          aria-labelledby="lightboxTitle"
          class="MuiPaper-root MuiPaper-elevation MuiPaper-rounded MuiPaper-elevation24 MuiDialog-paper MuiDialog-paperScrollPaper MuiDialog-paperWidthSm css-1t1j96h-MuiPaper-root-MuiDialog-paper"
          role="dialog"
          style="width: 500px;"
        >
          <h2
            class="MuiTypography-root MuiTypography-h6 MuiDialogTitle-root css-1qg91f3-MuiTypography-root-MuiDialogTitle-root"
            data-testid="panel-edit-date-title"
            id="lightboxTitle"
            style="position: relative; border-bottom: 1px solid #d7d1cc; font-size: 12px;"
          >
            <div
              class="MuiBox-root css-0"
              style="font-size: 1.5em; font-weight: bold; line-height: 1; margin: 0px;"
            >
              Edit Schedule Dates
            </div>
          </h2>
          <div
            class="MuiDialogContent-root css-ypiqx9-MuiDialogContent-root"
          >
            <div
              class="MuiGrid-root MuiGrid-container MuiGrid-spacing-xs-1 css-a5rdam-MuiGrid-root"
            >
              <div
                class="MuiGrid-root MuiGrid-item MuiGrid-grid-xs-true css-1vd824g-MuiGrid-root"
              >
                <div
                  class="MuiFormControl-root MuiTextField-root css-uh0g7b-MuiFormControl-root-MuiTextField-root"
                >
                  <label
                    class="MuiFormLabel-root MuiInputLabel-root MuiInputLabel-formControl MuiInputLabel-animated MuiInputLabel-shrink MuiInputLabel-sizeMedium MuiInputLabel-standard MuiFormLabel-colorPrimary MuiFormLabel-filled MuiInputLabel-root MuiInputLabel-formControl MuiInputLabel-animated MuiInputLabel-shrink MuiInputLabel-sizeMedium MuiInputLabel-standard css-1875xhu-MuiFormLabel-root-MuiInputLabel-root"
                    data-shrink="true"
                    for="admin-promopanel-group-start-date"
                    id="admin-promopanel-group-start-date-label"
                  >
                    Start date
                  </label>
                  <div
                    class="MuiInputBase-root MuiInput-root MuiInput-underline MuiInputBase-colorPrimary MuiInputBase-formControl MuiInputBase-adornedEnd css-4cnau1-MuiInputBase-root-MuiInput-root"
                  >
                    <input
                      aria-invalid="false"
                      autocomplete="off"
                      class="MuiInputBase-input MuiInput-input MuiInputBase-inputAdornedEnd css-1x51dt5-MuiInputBase-input-MuiInput-input"
                      data-testid="admin-promopanel-group-start-date"
                      id="admin-promopanel-group-start-date"
                      inputmode="text"
                      placeholder="EEEE DD MMMM YYYY hh:mm aa"
                      type="text"
                      value="Sat 01 Jan 2000 12:00 am"
                    />
                    <div
                      class="MuiInputAdornment-root MuiInputAdornment-positionEnd MuiInputAdornment-standard MuiInputAdornment-sizeMedium css-1laqsz7-MuiInputAdornment-root"
                    >
                      <button
                        aria-label="Choose date, selected date is Jan 1, 2000"
                        class="MuiButtonBase-root MuiIconButton-root MuiIconButton-edgeEnd MuiIconButton-sizeMedium css-1yq5fb3-MuiButtonBase-root-MuiIconButton-root"
                        data-testid="admin-promopanel-group-start-date-button"
                        tabindex="0"
                        type="button"
                      >
                        <svg
                          aria-hidden="true"
                          class="MuiSvgIcon-root MuiSvgIcon-fontSizeMedium css-i4bv87-MuiSvgIcon-root"
                          data-testid="CalendarIcon"
                          focusable="false"
                          viewBox="0 0 24 24"
                        >
                          <path
                            d="M17 12h-5v5h5v-5zM16 1v2H8V1H6v2H5c-1.11 0-1.99.9-1.99 2L3 19c0 1.1.89 2 2 2h14c1.1 0 2-.9 2-2V5c0-1.1-.9-2-2-2h-1V1h-2zm3 18H5V8h14v11z"
                          />
                        </svg>
                        <span
                          class="MuiTouchRipple-root css-8je8zh-MuiTouchRipple-root"
                        />
                      </button>
                    </div>
                  </div>
                </div>
                <div
                  data-testid="start-date-warning"
                  id="start-date-warning"
                >
                  This date is in the past.
                </div>
              </div>
              <div
                align="left"
                class="MuiGrid-root MuiGrid-item MuiGrid-grid-xs-true css-1vd824g-MuiGrid-root"
              >
                <div
                  class="MuiFormControl-root MuiTextField-root css-uh0g7b-MuiFormControl-root-MuiTextField-root"
                >
                  <label
                    class="MuiFormLabel-root MuiInputLabel-root MuiInputLabel-formControl MuiInputLabel-animated MuiInputLabel-shrink MuiInputLabel-sizeMedium MuiInputLabel-standard MuiFormLabel-colorPrimary MuiFormLabel-filled MuiInputLabel-root MuiInputLabel-formControl MuiInputLabel-animated MuiInputLabel-shrink MuiInputLabel-sizeMedium MuiInputLabel-standard css-1875xhu-MuiFormLabel-root-MuiInputLabel-root"
                    data-shrink="true"
                    for="admin-promopanel-group-end-date"
                    id="admin-promopanel-group-end-date-label"
                  >
                    End date
                  </label>
                  <div
                    class="MuiInputBase-root MuiInput-root MuiInput-underline MuiInputBase-colorPrimary MuiInputBase-formControl MuiInputBase-adornedEnd css-4cnau1-MuiInputBase-root-MuiInput-root"
                  >
                    <input
                      aria-invalid="false"
                      autocomplete="off"
                      class="MuiInputBase-input MuiInput-input MuiInputBase-inputAdornedEnd css-1x51dt5-MuiInputBase-input-MuiInput-input"
                      data-testid="admin-promopanel-group-end-date"
                      id="admin-promopanel-group-end-date"
                      inputmode="text"
                      placeholder="EEEE DD MMMM YYYY hh:mm aa"
                      type="text"
                      value="Sun 02 Jan 2000 11:59 pm"
                    />
                    <div
                      class="MuiInputAdornment-root MuiInputAdornment-positionEnd MuiInputAdornment-standard MuiInputAdornment-sizeMedium css-1laqsz7-MuiInputAdornment-root"
                    >
                      <button
                        aria-label="Choose date, selected date is Jan 2, 2000"
                        class="MuiButtonBase-root MuiIconButton-root MuiIconButton-edgeEnd MuiIconButton-sizeMedium css-1yq5fb3-MuiButtonBase-root-MuiIconButton-root"
                        data-testid="admin-promopanel-group-end-date-button"
                        tabindex="0"
                        type="button"
                      >
                        <svg
                          aria-hidden="true"
                          class="MuiSvgIcon-root MuiSvgIcon-fontSizeMedium css-i4bv87-MuiSvgIcon-root"
                          data-testid="CalendarIcon"
                          focusable="false"
                          viewBox="0 0 24 24"
                        >
                          <path
                            d="M17 12h-5v5h5v-5zM16 1v2H8V1H6v2H5c-1.11 0-1.99.9-1.99 2L3 19c0 1.1.89 2 2 2h14c1.1 0 2-.9 2-2V5c0-1.1-.9-2-2-2h-1V1h-2zm3 18H5V8h14v11z"
                          />
                        </svg>
                        <span
                          class="MuiTouchRipple-root css-8je8zh-MuiTouchRipple-root"
                        />
                      </button>
                    </div>
                  </div>
                </div>
                <div
                  data-testid="end-date-warning"
                  id="end-date-warning"
                >
                  This date is in the past.
                </div>
              </div>
              <div
                class="MuiGrid-root MuiGrid-item MuiGrid-grid-xs-12 css-1idn90j-MuiGrid-root"
              />
              <div
                align="right"
                class="MuiGrid-root MuiGrid-item MuiGrid-grid-xs-12 css-1idn90j-MuiGrid-root"
              >
                <button
                  class="MuiButtonBase-root MuiButton-root MuiButton-contained MuiButton-containedSecondary MuiButton-sizeMedium MuiButton-containedSizeMedium MuiButton-colorSecondary MuiButton-root MuiButton-contained MuiButton-containedSecondary MuiButton-sizeMedium MuiButton-containedSizeMedium MuiButton-colorSecondary css-1mhlsgc-MuiButtonBase-root-MuiButton-root"
                  data-testid="admin-promopanel-group-button-cancel"
                  style="margin-top: 10px;"
                  tabindex="0"
                  type="button"
                >
                  Cancel
                  <span
                    class="MuiTouchRipple-root css-8je8zh-MuiTouchRipple-root"
                  />
                </button>
                <button
                  class="MuiButtonBase-root MuiButton-root MuiButton-contained MuiButton-containedPrimary MuiButton-sizeMedium MuiButton-containedSizeMedium MuiButton-colorPrimary MuiButton-root MuiButton-contained MuiButton-containedPrimary MuiButton-sizeMedium MuiButton-containedSizeMedium MuiButton-colorPrimary css-t41e4y-MuiButtonBase-root-MuiButton-root"
                  data-testid="admin-promopanel-group-button-save"
                  style="margin-top: 10px;"
                  tabindex="0"
                  type="button"
                >
                  Ok
                  <span
                    class="MuiTouchRipple-root css-8je8zh-MuiTouchRipple-root"
                  />
                </button>
              </div>
            </div>
          </div>
        </div>
      </div>
      <div
        data-testid="sentinelEnd"
        tabindex="0"
      />
    </div>
  </body>,
  "container": <div
    aria-hidden="true"
  />,
  "debug": [Function],
  "findAllByAltText": [Function],
  "findAllByDisplayValue": [Function],
  "findAllByLabelText": [Function],
  "findAllByPlaceholderText": [Function],
  "findAllByRole": [Function],
  "findAllByTestId": [Function],
  "findAllByText": [Function],
  "findAllByTitle": [Function],
  "findByAltText": [Function],
  "findByDisplayValue": [Function],
  "findByLabelText": [Function],
  "findByPlaceholderText": [Function],
  "findByRole": [Function],
  "findByTestId": [Function],
  "findByText": [Function],
  "findByTitle": [Function],
  "getAllByAltText": [Function],
  "getAllByDisplayValue": [Function],
  "getAllByLabelText": [Function],
  "getAllByPlaceholderText": [Function],
  "getAllByRole": [Function],
  "getAllByTestId": [Function],
  "getAllByText": [Function],
  "getAllByTitle": [Function],
  "getByAltText": [Function],
  "getByDisplayValue": [Function],
  "getByLabelText": [Function],
  "getByPlaceholderText": [Function],
  "getByRole": [Function],
  "getByTestId": [Function],
  "getByText": [Function],
  "getByTitle": [Function],
  "queryAllByAltText": [Function],
  "queryAllByDisplayValue": [Function],
  "queryAllByLabelText": [Function],
  "queryAllByPlaceholderText": [Function],
  "queryAllByRole": [Function],
  "queryAllByTestId": [Function],
  "queryAllByText": [Function],
  "queryAllByTitle": [Function],
  "queryByAltText": [Function],
  "queryByDisplayValue": [Function],
  "queryByLabelText": [Function],
  "queryByPlaceholderText": [Function],
  "queryByRole": [Function],
  "queryByTestId": [Function],
  "queryByText": [Function],
  "queryByTitle": [Function],
  "rerender": [Function],
  "unmount": [Function],
}
`;

exports[`Promo Panel Group Date Selector default values render correctly 1`] = `
<div
  aria-hidden="true"
/>
`;
