// Jest Snapshot v1, https://goo.gl/fbAQLP

exports[`HelpDrawer tests renders text as react element 1`] = `
<div
  aria-hidden="true"
/>
`;

exports[`HelpDrawer tests should render with styles 1`] = `
<div
  aria-hidden="true"
/>
`;
