// Jest Snapshot v1, https://goo.gl/fbAQLP

exports[`Component AppLoader should render as expected 1`] = `
<div>
  <div
    class="MuiGrid-root MuiGrid-container MuiGrid-direction-xs-column css-7fsne-MuiGrid-root"
  >
    <div
      class="MuiGrid-root MuiGrid-item spaceBetween css-13i4rnv-MuiGrid-root"
    >
      <span
        aria-label="Loading Library website"
        class="MuiCircularProgress-root MuiCircularProgress-indeterminate MuiCircularProgress-colorPrimary white css-a0wk1a-MuiCircularProgress-root"
        role="progressbar"
        style="width: 80px; height: 80px;"
      >
        <svg
          class="MuiCircularProgress-svg css-1idz92c-MuiCircularProgress-svg"
          viewBox="22 22 44 44"
        >
          <circle
            class="MuiCircularProgress-circle MuiCircularProgress-circleIndeterminate css-176wh8e-MuiCircularProgress-circle"
            cx="44"
            cy="44"
            fill="none"
            r="21.5"
            stroke-width="1"
          />
        </svg>
      </span>
    </div>
    <div
      class="MuiGrid-root MuiGrid-item spaceBetween css-13i4rnv-MuiGrid-root"
    >
      <div
        alt="Fez logo"
        class="http://image/image.svg logo"
      />
    </div>
    <div
      class="MuiGrid-root MuiGrid-item spaceBetween css-13i4rnv-MuiGrid-root"
    >
      <h6
        class="MuiTypography-root MuiTypography-h6 white css-1uywuy6-MuiTypography-root"
      >
        Fez frontend
      </h6>
    </div>
  </div>
</div>
`;
