// Jest Snapshot v1, https://goo.gl/fbAQLP

exports[`ContentLoader snapshots tests renders loader 1`] = `
<StandardPage>
  <ForwardRef(Grid)
    container={true}
  >
    <ForwardRef(Grid)
      item={true}
      xs={12}
    >
      <WithStyles(InlineLoader)
        message="Waiting to load..."
      />
    </ForwardRef(Grid)>
  </ForwardRef(Grid)>
</StandardPage>
`;
