// Jest Snapshot v1, https://goo.gl/fbAQLP

exports[`Component Help Drawer should render correctly 1`] = `
Object {
  "asFragment": [Function],
  "baseElement": <body
    style="padding-right: 0px; overflow: hidden;"
  >
    <div
      aria-hidden="true"
    />
    <div
      class="MuiDrawer-root MuiDrawer-modal makeStyles-drawer-1"
      role="presentation"
      style="position: fixed; z-index: 1300; right: 0px; bottom: 0px; top: 0px; left: 0px;"
    >
      <div
        aria-hidden="true"
        class="MuiBackdrop-root"
        style="opacity: 1; webkit-transition: opacity 500ms cubic-bezier(0.4, 0, 0.2, 1) 0ms; transition: opacity 500ms cubic-bezier(0.4, 0, 0.2, 1) 0ms;"
      />
      <div
        data-test="sentinelStart"
        tabindex="0"
      />
      <div
        class="MuiPaper-root MuiDrawer-paper MuiDrawer-paperAnchorRight MuiPaper-elevation16"
        tabindex="-1"
      >
        <div
          class="makeStyles-paper-2"
          style="opacity: 1; webkit-transition: opacity 225ms cubic-bezier(0.4, 0, 0.2, 1) 0ms; transition: opacity 225ms cubic-bezier(0.4, 0, 0.2, 1) 0ms;"
        >
          <h2
            data-testid="help-drawer-title"
            id="help-drawer-title"
          >
            Promo Panels
          </h2>
          <div>
            <div>
              <p>
                The Promotional Panel Management Application enables you (an authorised user) to set promotional messages for library users via the Promo Panel Box on the website homepage.
              </p>
              <p>
                You can:
              </p>
              <ul>
                <li>
                  add, update and remove scheduled messages
                </li>
                <li>
                  target the logged-out homepage and select logged-in user groups e.g. UQ students, HDR students or UQ staff
                </li>
                <li>
                  set default (fallback) messages for user groups for times when no scheduled messages are set.
                </li>
              </ul>
              <h3>
                How to manage promo panels
              </h3>
              <h4>
                Preview (view) a panel
              </h4>
              <p>
                Press the 
                <strong>
                  View 
                </strong>
                button beside a panel. A preview window will appear showing the style promo box (title and message).
              </p>
              <p>
                Click off the Preview window to close it.
              </p>
              <h4>
                Add a panel
              </h4>
              <p>
                To reuse an existing message, use 
                <strong>
                  Clone
                </strong>
                 - 
                <strong>
                  More actions (downward arrow) 
                </strong>
                button &gt; 
                <strong>
                  Clone 
                </strong>
                button - beside an existing panel. 
              </p>
              <p>
                To create a new promo panel press the 
                <strong>
                  Add panel 
                </strong>
                button. The Create a promo form will appear.
              </p>
              <p>
                Scheduled promos will appear on the website within two minutes of their start time. Hard refresh your browser to view the promo panel.
              </p>
              <h4>
                Edit a panel
              </h4>
              <p>
                Press 
                <strong>
                  More actions (downward arrow) 
                </strong>
                &gt; 
                <strong>
                  Edit 
                </strong>
                beside a panel on the listing screen. The Edit a promo form will appear with fields prefilled.
              </p>
              <p>
                <strong>
                  Check the user groups for a promo before changing the content 
                </strong>
                as a panel may affect multiple user groups. 
              </p>
              <p>
                Updated panels will change on the website within two minutes. Hard refresh your browser to view the updated message.
              </p>
              <h4>
                Clone (copy) a panel
              </h4>
              <p>
                Press the 
                <strong>
                  More actions (downward arrow) 
                </strong>
                &gt; 
                <strong>
                  Clone
                </strong>
                 button beside a panel. The Clone a promo form will appear with the Admin notes, Title and Message fields prefilled
                <em>
                  .
                </em>
              </p>
              <p>
                Your cloned panel will appear on the website within two minutes of its scheduled start time. Hard refresh your browser to view the updated message.
              </p>
              <h4>
                Unschedule a panel
              </h4>
              <p>
                <strong>
                  Default and scheduled panels table only.
                </strong>
              </p>
              <p>
                To expire a message that you would like to end early, 
                <strong>
                  Edit 
                </strong>
                the panel and adjust its end date. The panel will expire and move to the Past panels table.
              </p>
              <p>
                To unschedule a message that hasn't run to be used at some unknown future time, press 
                <strong>
                  More actions (downward arrow) 
                </strong>
                &gt; 
                <strong>
                  Unschedule
                </strong>
                .
              </p>
              <p>
                The panel (admin notes, title and message) will be moved to the Unallocated panels table to be used later or deleted.
              </p>
              <p>
                <strong>
                  Delete a panel
                </strong>
              </p>
              <p>
                <strong>
                  Unallocated panels table only
                </strong>
                .
              </p>
              <p>
                Delete should generally only be used for messages that we did not end up displaying to clients so we can keep track of our promos.
              </p>
              <p>
                If a scheduled promo ran for clients for any period of time, it should be expired by changing the scheduled end date and moving the promo to the Past promos table.
              </p>
              <p>
                To delete a promo from the Unallocated panels table:
              </p>
              <ol>
                <li>
                  Press the 
                  <strong>
                    More actions (downward arrow) 
                  </strong>
                  &gt; 
                  <strong>
                    Delete 
                  </strong>
                  button
                  <br />
                  <br />
                </li>
                <li>
                  Confirm you wish to proceed. Deleted panels cannot be restored.
                </li>
              </ol>
              <h3>
                About the Promo Panel listing screen
              </h3>
              <p>
                The Listing Screen has several tables:
              </p>
              <ul>
                <li>
                  <strong>
                    Currently shown panels - 
                  </strong>
                  a summary of the promo running now for each user group and whether it is a default or scheduled message.
                  <br />
                  <br />
                </li>
                <li>
                  <strong>
                    Default and scheduled panels 
                  </strong>
                  <strong>
                    - 
                  </strong>
                  lists the scheduled messages and the default promos for each user group based on the start (From) date. The default user group promo is listed last. The table can be filtered by user group.
                  <br />
                  <br />
                </li>
                <li>
                  <strong>
                    Unallocated panels - 
                  </strong>
                  lists panels (i.e. at least as title and message) without a schedule (a start and end date/time). These promos can be scheduled, be set as a default message, or deleted.
                  <br />
                  <br />
                </li>
                <li>
                  <strong>
                    Past panels - 
                  </strong>
                  lists past scheduled promotions (does not include defaults yet). View or clone past messages you wish to use again.
                </li>
              </ul>
              <h4>
                Schedule panel and set default buttons
              </h4>
              <p>
                Use the 
                <strong>
                  Schedule panel
                </strong>
                 and
                <strong>
                   Set 
                </strong>
                default buttons for a particular user group in the Default and Scheduled panels table to choose a promo from the Unallocated panels table and:
              </p>
              <ul>
                <li>
                  <strong>
                    Schedule panel - 
                  </strong>
                  provide a schedule (start and end date)
                </li>
                <li>
                  <strong>
                    Set default 
                  </strong>
                  - set it as the default message
                </li>
              </ul>
              <p>
                for this user group only.
              </p>
              <h4>
                Promo action buttons
              </h4>
              <p>
                Each promotion has two action buttons. There is a primary action and a 
                <strong>
                  More actions (
                </strong>
                <strong>
                  downwards arrow) 
                </strong>
                button. Use the actions to interact with the messages: 
              </p>
              <ul>
                <li>
                  <strong>
                    Default and scheduled
                  </strong>
                  : View (primary), Edit, Clone and Unschedule
                  <br />
                  <br />
                </li>
                <li>
                  <strong>
                    Unallocated
                  </strong>
                  : View (primary), Edit, Clone and Delete
                  <br />
                  <br />
                </li>
                <li>
                  <strong>
                    Past: 
                  </strong>
                  View (primary) and clone.
                </li>
              </ul>
            </div>
          </div>
          <div>
            <button
              class="MuiButtonBase-root MuiButton-root MuiButton-contained MuiButton-containedPrimary"
              data-testid="promopanel-helpdrawer-close-button"
              id="promopanel-helpdrawer-close-button"
              tabindex="0"
              type="button"
            >
              <span
                class="MuiButton-label"
              >
                Close
              </span>
              <span
                class="MuiTouchRipple-root"
              />
            </button>
          </div>
        </div>
      </div>
      <div
        data-test="sentinelEnd"
        tabindex="0"
      />
    </div>
  </body>,
  "container": <div
    aria-hidden="true"
  />,
  "debug": [Function],
  "findAllByAltText": [Function],
  "findAllByDisplayValue": [Function],
  "findAllByLabelText": [Function],
  "findAllByPlaceholderText": [Function],
  "findAllByRole": [Function],
  "findAllByTestId": [Function],
  "findAllByText": [Function],
  "findAllByTitle": [Function],
  "findByAltText": [Function],
  "findByDisplayValue": [Function],
  "findByLabelText": [Function],
  "findByPlaceholderText": [Function],
  "findByRole": [Function],
  "findByTestId": [Function],
  "findByText": [Function],
  "findByTitle": [Function],
  "getAllByAltText": [Function],
  "getAllByDisplayValue": [Function],
  "getAllByLabelText": [Function],
  "getAllByPlaceholderText": [Function],
  "getAllByRole": [Function],
  "getAllByTestId": [Function],
  "getAllByText": [Function],
  "getAllByTitle": [Function],
  "getByAltText": [Function],
  "getByDisplayValue": [Function],
  "getByLabelText": [Function],
  "getByPlaceholderText": [Function],
  "getByRole": [Function],
  "getByTestId": [Function],
  "getByText": [Function],
  "getByTitle": [Function],
  "queryAllByAltText": [Function],
  "queryAllByDisplayValue": [Function],
  "queryAllByLabelText": [Function],
  "queryAllByPlaceholderText": [Function],
  "queryAllByRole": [Function],
  "queryAllByTestId": [Function],
  "queryAllByText": [Function],
  "queryAllByTitle": [Function],
  "queryByAltText": [Function],
  "queryByDisplayValue": [Function],
  "queryByLabelText": [Function],
  "queryByPlaceholderText": [Function],
  "queryByRole": [Function],
  "queryByTestId": [Function],
  "queryByText": [Function],
  "queryByTitle": [Function],
  "rerender": [Function],
  "unmount": [Function],
}
`;
