// Jest Snapshot v1, https://goo.gl/fbAQLP

exports[`Component PromoPanel Loader should render correctly 1`] = `<PromoPanelLoader />`;
