// Jest Snapshot v1, https://goo.gl/fbAQLP

exports[`Alert should dismiss alert 1`] = `undefined`;

exports[`Alert should display dismiss button for smaller screen size 1`] = `undefined`;

exports[`Alert should display loader 1`] = `undefined`;

exports[`Alert should fire an action when user clicks on the message text 1`] = `undefined`;

exports[`Alert should not fire an action when user clicks on the message text and no action is assigned 1`] = `undefined`;

exports[`Alert should render clickable action button 1`] = `undefined`;

exports[`Alert should render custom alert 1`] = `undefined`;

exports[`Alert should render default view 1`] = `undefined`;

exports[`Alert should render done type of alert 1`] = `undefined`;

exports[`Alert should render error outline type of alert 1`] = `undefined`;

exports[`Alert should render error type of alert 1`] = `undefined`;

exports[`Alert should render help outline type of alert 1`] = `undefined`;

exports[`Alert should render help type of alert 1`] = `undefined`;

exports[`Alert should render info outline type of alert 1`] = `undefined`;

exports[`Alert should render info type of alert 1`] = `undefined`;
