// Jest Snapshot v1, https://goo.gl/fbAQLP

exports[`SpotlightSplitButton default values render correctly 1`] = `
<div>
  <div
    class="MuiGrid-root MuiGrid-container MuiGrid-direction-xs-column css-t0zib5-MuiGrid-root"
  >
    <div
      class="MuiGrid-root MuiGrid-item MuiGrid-grid-xs-12 css-pq3v65-MuiGrid-root"
    >
      <div
        aria-label="split button"
        class="MuiButtonGroup-root MuiButtonGroup-contained css-1mtivgc-MuiButtonGroup-root"
        role="group"
        style="float: right;"
      >
        <button
          class="MuiButtonBase-root MuiButton-root MuiButton-contained MuiButton-containedPrimary MuiButton-sizeMedium MuiButton-containedSizeMedium MuiButton-colorPrimary MuiButtonGroup-grouped MuiButtonGroup-groupedHorizontal MuiButtonGroup-groupedContained MuiButtonGroup-groupedContainedHorizontal MuiButtonGroup-groupedContainedPrimary MuiButton-root MuiButton-contained MuiButton-containedPrimary MuiButton-sizeMedium MuiButton-containedSizeMedium MuiButton-colorPrimary editButton css-t41e4y-MuiButtonBase-root-MuiButton-root"
          data-testid="spotlight-list-item-edit-undefined"
          id="spotlight-list-item-edit-undefined"
          tabindex="0"
          type="button"
        >
          Edit
          <span
            class="MuiTouchRipple-root css-8je8zh-MuiTouchRipple-root"
          />
        </button>
      </div>
    </div>
  </div>
</div>
`;
