// Jest Snapshot v1, https://goo.gl/fbAQLP

exports[`ConfirmationAlert default values render correctly 1`] = `<div />`;
