// Jest Snapshot v1, https://goo.gl/fbAQLP

exports[`ConfirmationBox component default values render correctly 1`] = `<div />`;
